1 - US12180563B2
